viviane@vyang:~$ sudo apt-get install software-properties-common
[sudo] password for viviane: 
Reading package lists... Done
Building dependency tree       
Reading state information... Done
software-properties-common is already the newest version (0.96.24.32.7).
0 upgraded, 0 newly installed, 0 to remove and 0 not upgraded.
viviane@vyang:~$ sudo apt-add-repository ppa:swi-prolog/stable
 Comprehensive Prolog implementation with extensive libraries and development tools.   Primarily targetted at teaching, RDF processing and web-related tasks, such as creating web services or analysing web content.
 More info: https://launchpad.net/~swi-prolog/+archive/ubuntu/stable
Press [ENTER] to continue or Ctrl-c to cancel adding it.

Hit:1 http://us.archive.ubuntu.com/ubuntu bionic InRelease                     
Get:2 http://ppa.launchpad.net/swi-prolog/stable/ubuntu bionic InRelease [15.4 kB]
Hit:3 http://us.archive.ubuntu.com/ubuntu bionic-updates InRelease             
Hit:4 https://download.sublimetext.com apt/stable/ InRelease             
Hit:5 http://us.archive.ubuntu.com/ubuntu bionic-backports InRelease           
Hit:6 http://us.archive.ubuntu.com/ubuntu bionic-security InRelease      
Get:7 http://ppa.launchpad.net/swi-prolog/stable/ubuntu bionic/main i386 Packages [1'520 B]
Get:8 http://ppa.launchpad.net/swi-prolog/stable/ubuntu bionic/main amd64 Packages [1'520 B]
Get:9 http://ppa.launchpad.net/swi-prolog/stable/ubuntu bionic/main Translation-en [968 B]
Fetched 19.4 kB in 3s (5'584 B/s)       
Reading package lists... Done
viviane@vyang:~$ sudo apt-get update
Hit:1 http://us.archive.ubuntu.com/ubuntu bionic InRelease                     
Hit:2 http://ppa.launchpad.net/swi-prolog/stable/ubuntu bionic InRelease       
Hit:3 http://us.archive.ubuntu.com/ubuntu bionic-updates InRelease             
Hit:4 https://download.sublimetext.com apt/stable/ InRelease                   
Hit:5 http://us.archive.ubuntu.com/ubuntu bionic-backports InRelease
Hit:6 http://us.archive.ubuntu.com/ubuntu bionic-security InRelease
Reading package lists... Done
viviane@vyang:~$ sudo apt-get install swi-prolog
Reading package lists... Done
Building dependency tree       
Reading state information... Done
The following additional packages will be installed:
  libbsd-dev libedit-dev libgmp-dev libgmpxx4ldbl libncurses5-dev
  libncursesw5-dev libossp-uuid16 libreadline-dev libtinfo-dev swi-prolog-nox
  swi-prolog-x
Suggested packages:
  gmp-doc libgmp10-doc libmpfr-dev ncurses-doc uuid readline-doc
  swi-prolog-doc prolog-el
The following NEW packages will be installed:
  libbsd-dev libedit-dev libgmp-dev libgmpxx4ldbl libncurses5-dev
  libncursesw5-dev libossp-uuid16 libreadline-dev libtinfo-dev swi-prolog
  swi-prolog-nox swi-prolog-x
0 upgraded, 12 newly installed, 0 to remove and 0 not upgraded.
Need to get 7'049 kB of archives.
After this operation, 36.9 MB of additional disk space will be used.
Do you want to continue? [Y/n] Y
Get:1 http://us.archive.ubuntu.com/ubuntu bionic/main amd64 libbsd-dev amd64 0.8.7-1 [150 kB]
Get:2 http://ppa.launchpad.net/swi-prolog/stable/ubuntu bionic/main amd64 swi-prolog-nox amd64 8.0.2-1-g30f6a1ede-bionicppa2 [3'719 kB]
Get:3 http://us.archive.ubuntu.com/ubuntu bionic-updates/main amd64 libtinfo-dev amd64 6.1-1ubuntu1.18.04 [81.3 kB]
Get:4 http://us.archive.ubuntu.com/ubuntu bionic-updates/main amd64 libncurses5-dev amd64 6.1-1ubuntu1.18.04 [174 kB]
Get:5 http://us.archive.ubuntu.com/ubuntu bionic/main amd64 libedit-dev amd64 3.1-20170329-1 [99.1 kB]
Get:6 http://us.archive.ubuntu.com/ubuntu bionic/main amd64 libgmpxx4ldbl amd64 2:6.1.2+dfsg-2 [8'964 B]
Get:7 http://us.archive.ubuntu.com/ubuntu bionic/main amd64 libgmp-dev amd64 2:6.1.2+dfsg-2 [316 kB]
Get:8 http://us.archive.ubuntu.com/ubuntu bionic-updates/main amd64 libncursesw5-dev amd64 6.1-1ubuntu1.18.04 [199 kB]
Get:9 http://us.archive.ubuntu.com/ubuntu bionic/universe amd64 libossp-uuid16 amd64 1.6.2-1.5build4 [29.0 kB]
Get:10 http://us.archive.ubuntu.com/ubuntu bionic/main amd64 libreadline-dev amd64 7.0-3 [133 kB]
Get:11 http://ppa.launchpad.net/swi-prolog/stable/ubuntu bionic/main amd64 swi-prolog-x amd64 8.0.2-1-g30f6a1ede-bionicppa2 [2'111 kB]
Get:12 http://ppa.launchpad.net/swi-prolog/stable/ubuntu bionic/main amd64 swi-prolog amd64 8.0.2-1-g30f6a1ede-bionicppa2 [27.3 kB]
Fetched 7'049 kB in 45s (158 kB/s)                                             
Selecting previously unselected package libbsd-dev:amd64.
(Reading database ... 240937 files and directories currently installed.)
Preparing to unpack .../00-libbsd-dev_0.8.7-1_amd64.deb ...
Unpacking libbsd-dev:amd64 (0.8.7-1) ...
Selecting previously unselected package libtinfo-dev:amd64.
Preparing to unpack .../01-libtinfo-dev_6.1-1ubuntu1.18.04_amd64.deb ...
Unpacking libtinfo-dev:amd64 (6.1-1ubuntu1.18.04) ...
Selecting previously unselected package libncurses5-dev:amd64.
Preparing to unpack .../02-libncurses5-dev_6.1-1ubuntu1.18.04_amd64.deb ...
Unpacking libncurses5-dev:amd64 (6.1-1ubuntu1.18.04) ...
Selecting previously unselected package libedit-dev:amd64.
Preparing to unpack .../03-libedit-dev_3.1-20170329-1_amd64.deb ...
Unpacking libedit-dev:amd64 (3.1-20170329-1) ...
Selecting previously unselected package libgmpxx4ldbl:amd64.
Preparing to unpack .../04-libgmpxx4ldbl_2%3a6.1.2+dfsg-2_amd64.deb ...
Unpacking libgmpxx4ldbl:amd64 (2:6.1.2+dfsg-2) ...
Selecting previously unselected package libgmp-dev:amd64.
Preparing to unpack .../05-libgmp-dev_2%3a6.1.2+dfsg-2_amd64.deb ...
Unpacking libgmp-dev:amd64 (2:6.1.2+dfsg-2) ...
Selecting previously unselected package libncursesw5-dev:amd64.
Preparing to unpack .../06-libncursesw5-dev_6.1-1ubuntu1.18.04_amd64.deb ...
Unpacking libncursesw5-dev:amd64 (6.1-1ubuntu1.18.04) ...
Selecting previously unselected package libossp-uuid16:amd64.
Preparing to unpack .../07-libossp-uuid16_1.6.2-1.5build4_amd64.deb ...
Unpacking libossp-uuid16:amd64 (1.6.2-1.5build4) ...
Selecting previously unselected package libreadline-dev:amd64.
Preparing to unpack .../08-libreadline-dev_7.0-3_amd64.deb ...
Unpacking libreadline-dev:amd64 (7.0-3) ...
Selecting previously unselected package swi-prolog-nox.
Preparing to unpack .../09-swi-prolog-nox_8.0.2-1-g30f6a1ede-bionicppa2_amd64.deb ...
Unpacking swi-prolog-nox (8.0.2-1-g30f6a1ede-bionicppa2) ...
Selecting previously unselected package swi-prolog-x.
Preparing to unpack .../10-swi-prolog-x_8.0.2-1-g30f6a1ede-bionicppa2_amd64.deb ...
Unpacking swi-prolog-x (8.0.2-1-g30f6a1ede-bionicppa2) ...
Selecting previously unselected package swi-prolog.
Preparing to unpack .../11-swi-prolog_8.0.2-1-g30f6a1ede-bionicppa2_amd64.deb ...
Unpacking swi-prolog (8.0.2-1-g30f6a1ede-bionicppa2) ...
Processing triggers for install-info (6.5.0.dfsg.1-2) ...
Setting up libbsd-dev:amd64 (0.8.7-1) ...
Setting up libossp-uuid16:amd64 (1.6.2-1.5build4) ...
Setting up libtinfo-dev:amd64 (6.1-1ubuntu1.18.04) ...
Setting up libncurses5-dev:amd64 (6.1-1ubuntu1.18.04) ...
Processing triggers for libc-bin (2.27-3ubuntu1) ...
Setting up libncursesw5-dev:amd64 (6.1-1ubuntu1.18.04) ...
Setting up libreadline-dev:amd64 (7.0-3) ...
Setting up libedit-dev:amd64 (3.1-20170329-1) ...
Processing triggers for man-db (2.8.3-2ubuntu0.1) ...
Setting up libgmpxx4ldbl:amd64 (2:6.1.2+dfsg-2) ...
Setting up libgmp-dev:amd64 (2:6.1.2+dfsg-2) ...
Setting up swi-prolog-nox (8.0.2-1-g30f6a1ede-bionicppa2) ...
update-alternatives: using /usr/bin/swipl to provide /usr/bin/prolog (prolog) in auto mode
Setting up swi-prolog-x (8.0.2-1-g30f6a1ede-bionicppa2) ...
Setting up swi-prolog (8.0.2-1-g30f6a1ede-bionicppa2) ...
Processing triggers for libc-bin (2.27-3ubuntu1) ...
viviane@vyang:~$ swipl
Welcome to SWI-Prolog (threaded, 64 bits, version 8.0.2)
SWI-Prolog comes with ABSOLUTELY NO WARRANTY. This is free software.
Please run ?- license. for legal details.

For online help and background, visit http://www.swi-prolog.org
For built-in help, use ?- help(Topic). or ?- apropos(Word).

?- help(help)
|    
|    
|    hello: - format('Hello World ~n')
|    ^D
|    : ^D
|    ^C

|    
|    ^C

WARNING: By typing Control-C twice, you have forced an asynchronous
WARNING: interrupt.  Your only SAFE operations are: c(ontinue), p(id),
WARNING: s(stack) and e(xit).  Notably a(abort) often works, but
WARNING: leaves the system in an UNSTABLE state

Action (h for help) ? Options:
a:           abort         b:           break
c:           continue      e:           exit
g:           goals         s:           C-backtrace
t:           trace         p:		  Show PID
h (?):       help
Action (h for help) ? continue


|    
|    ^DERROR: Stream user_input:16:0 Syntax error: Unexpected end of file
?- [user].
|: hello :- format('Hello world~n').
|: ^D% user://1 compiled 0.00 sec, 1 clauses
true.

?- hello.
Hello world
true.

?- h
|    ^C
^C

WARNING: By typing Control-C twice, you have forced an asynchronous
WARNING: interrupt.  Your only SAFE operations are: c(ontinue), p(id),
WARNING: s(stack) and e(xit).  Notably a(abort) often works, but
WARNING: leaves the system in an UNSTABLE state

Action (h for help) ? Options:
a:           abort         b:           break
c:           continue      e:           exit
g:           goals         s:           C-backtrace
t:           trace         p:		  Show PID
h (?):       help
Action (h for help) ? exit (status 4)
viviane@vyang:~$ ^C
viviane@vyang:~$ cd Programming/AI/Lab\ 2/
viviane@vyang:~/Programming/AI/Lab 2$ ls
 factorial.pl  'intro to logic programming v2.pdf'   takeout.pl
 family.pl      p.pl                                 user-edit.pl
viviane@vyang:~/Programming/AI/Lab 2$ swipl
Welcome to SWI-Prolog (threaded, 64 bits, version 8.0.2)
SWI-Prolog comes with ABSOLUTELY NO WARRANTY. This is free software.
Please run ?- license. for legal details.

For online help and background, visit http://www.swi-prolog.org
For built-in help, use ?- help(Topic). or ?- apropos(Word).

?- help(help)
|    
[1]+  Stopped                 swipl
viviane@vyang:~/Programming/AI/Lab 2$ swipl fa
factorial.pl  family.pl     
viviane@vyang:~/Programming/AI/Lab 2$ swipl factorial.pl 
Welcome to SWI-Prolog (threaded, 64 bits, version 8.0.2)
SWI-Prolog comes with ABSOLUTELY NO WARRANTY. This is free software.
Please run ?- license. for legal details.

For online help and background, visit http://www.swi-prolog.org
For built-in help, use ?- help(Topic). or ?- apropos(Word).

?- ['factorial.pl']
|    
|    
|    
|    
|    .
true.

?- listing(factorial/2).
factorial(0, 1).
factorial(A, B) :-
    A>0,
    C is A+ -1,
    factorial(C, D),
    B is A*D.

true.

?- factorial(10,What).
What = 3628800 .

?- ['takeout.pl'].
true.

?- listing(takeout)
|    .
takeout(A, [A|B], B).
takeout(A, [B|C], [B|D]) :-
    takeout(A, C, D).

true.

?- takeout(X,[1,2,3,4],Y).
X = 1,
Y = [2, 3, 4] ;
X = 2,
Y = [1, 3, 4] ;
X = 3,
Y = [1, 2, 4] ;
X = 4,
Y = [1, 2, 3] ;
false.

?- takeout(X,[1,2,3,4],_),X>3.
X = 4 ;
false.

?- halt.
viviane@vyang:~/Programming/AI/Lab 2$ 
